2002.12.04 14:51 B D:\htdocs\script-fabrik\pic\bg_sub.gif <-- script-fabrik /newpage/pic bg_sub.gif
2002.12.04 14:51 B D:\htdocs\script-fabrik\pic\java.gif <-- script-fabrik /newpage/pic java.gif
2002.12.04 14:51 B D:\htdocs\script-fabrik\pic\menu_bg.gif <-- script-fabrik /newpage/pic menu_bg.gif
2002.12.04 14:51 B D:\htdocs\script-fabrik\pic\perl.gif <-- script-fabrik /newpage/pic perl.gif
2002.12.04 14:51 B D:\htdocs\script-fabrik\pic\php.gif <-- script-fabrik /newpage/pic php.gif
2002.12.04 14:51 B D:\htdocs\script-fabrik\pic\shim.gif <-- script-fabrik /newpage/pic shim.gif
2002.12.04 14:51 B D:\htdocs\script-fabrik\pic\sw_h.gif <-- script-fabrik /newpage/pic sw_h.gif
2002.12.04 14:51 B D:\htdocs\script-fabrik\pic\sw_str.gif <-- script-fabrik /newpage/pic sw_str.gif
2002.12.04 14:51 B D:\htdocs\script-fabrik\pic\top.jpg <-- script-fabrik /newpage/pic top.jpg
2002.12.12 11:37 B D:\htdocs\script-fabrik\pic\bg_sub.gif --> www.script-fabrik.de /pic bg_sub.gif
2002.12.12 11:37 B D:\htdocs\script-fabrik\pic\java.gif --> www.script-fabrik.de /pic java.gif
2002.12.12 11:37 B D:\htdocs\script-fabrik\pic\menu_bg.gif --> www.script-fabrik.de /pic menu_bg.gif
2002.12.12 11:37 B D:\htdocs\script-fabrik\pic\perl.gif --> www.script-fabrik.de /pic perl.gif
2002.12.12 11:37 B D:\htdocs\script-fabrik\pic\php.gif --> www.script-fabrik.de /pic php.gif
2002.12.12 11:37 B D:\htdocs\script-fabrik\pic\shim.gif --> www.script-fabrik.de /pic shim.gif
2002.12.12 11:37 B D:\htdocs\script-fabrik\pic\sw_h.gif --> www.script-fabrik.de /pic sw_h.gif
2002.12.12 11:37 B D:\htdocs\script-fabrik\pic\sw_str.gif --> www.script-fabrik.de /pic sw_str.gif
2002.12.12 11:37 B D:\htdocs\script-fabrik\pic\top.jpg --> www.script-fabrik.de /pic top.jpg
2002.12.12 11:37 B D:\htdocs\script-fabrik\pic\WS_FTP.LOG --> www.script-fabrik.de /pic WS_FTP.LOG
2004.01.06 11:13 B k:\php\fussballrelease\user\pic\WS_FTP.LOG <-- script-fabrik /pic WS_FTP.LOG
2004.01.06 11:13 B k:\php\fussballrelease\user\pic\back.gif <-- script-fabrik /main/pict back.gif
2004.01.06 11:15 B k:\php\fussballrelease\user\pic\info.gif <-- script-fabrik /images info.gif
